// Jest Snapshot v1, https://goo.gl/fbAQLP

exports[`renders correctly 1`] = `
<div>
  <div
    className="header-container"
  >
    <div
      className="header-text"
      onClick={[Function]}
    >
      VenueLister
    </div>
  </div>
  <div
    className="loading-container"
  >
    <div
      className="css-0"
    >
      <div
        className="css-ddt2sc"
      />
      <div
        className="css-xqjsju"
      />
      <div
        className="css-1r9oxba"
      />
    </div>
  </div>
</div>
`;
